Windows PowerShell
Copyright (C) Microsoft Corporation. All rights reserved.

Try the new cross-platform PowerShell https://aka.ms/pscore6

PS C:\WINDOWS\system32> npm install -g typescript
C:\Users\Hogar\AppData\Roaming\npm\tsc -> C:\Users\Hogar\AppData\Roaming\npm\node_modules\typescript\bin\tsc
C:\Users\Hogar\AppData\Roaming\npm\tsserver -> C:\Users\Hogar\AppData\Roaming\npm\node_modules\typescript\bin\tsserver
+ typescript@3.7.5
added 1 package from 1 contributor in 18.652s
PS C:\WINDOWS\system32>  tsc -v
tsc : File C:\Users\Hogar\AppData\Roaming\npm\tsc.ps1 cannot be loaded because running scripts is disabled on this
system. For more information, see about_Execution_Policies at https:/go.microsoft.com/fwlink/?LinkID=135170.
At line:1 char:2
+  tsc -v
+  ~~~
    + CategoryInfo          : SecurityError: (:) [], PSSecurityException
    + FullyQualifiedErrorId : UnauthorizedAccess
PS C:\WINDOWS\system32> tsc -v
tsc : File C:\Users\Hogar\AppData\Roaming\npm\tsc.ps1 cannot be loaded because running scripts is disabled on this
system. For more information, see about_Execution_Policies at https:/go.microsoft.com/fwlink/?LinkID=135170.
At line:1 char:1
+ tsc -v
+ ~~~
    + CategoryInfo          : SecurityError: (:) [], PSSecurityException
    + FullyQualifiedErrorId : UnauthorizedAccess
PS C:\WINDOWS\system32> npm install -g @angular/cli
npm WARN deprecated request@2.88.2: request has been deprecated, see https://github.com/request/request/issues/3142
C:\Users\Hogar\AppData\Roaming\npm\ng -> C:\Users\Hogar\AppData\Roaming\npm\node_modules\@angular\cli\bin\ng

> @angular/cli@9.0.2 postinstall C:\Users\Hogar\AppData\Roaming\npm\node_modules\@angular\cli
> node ./bin/postinstall/script.js

? Would you like to share anonymous usage data with the Angular Team at Google under
Googleâ€™s Privacy Policy at https://policies.google.com/privacy? For more details and
how to change this setting, see http://angular.io/analytics. No
+ @angular/cli@9.0.2
added 260 packages from 205 contributors in 83.06s
PS C:\WINDOWS\system32> ng version
ng : File C:\Users\Hogar\AppData\Roaming\npm\ng.ps1 cannot be loaded because running scripts is disabled on this
system. For more information, see about_Execution_Policies at https:/go.microsoft.com/fwlink/?LinkID=135170.
At line:1 char:1
+ ng version
+ ~~
    + CategoryInfo          : SecurityError: (:) [], PSSecurityException
    + FullyQualifiedErrorId : UnauthorizedAccess
